[0m14:46:48.019514 [debug] [MainThread]: Sending event: {'category': 'dbt', 'action': 'invocation', 'label': 'start', 'context': [<snowplow_tracker.self_describing_json.SelfDescribingJson object at 0x000001AAC28C1590>, <snowplow_tracker.self_describing_json.SelfDescribingJson object at 0x000001AAC2662510>, <snowplow_tracker.self_describing_json.SelfDescribingJson object at 0x000001AAC28C05D0>]}


============================== 14:46:48.025758 | 162fafb3-50e2-4284-8ac6-506a66f3afb7 ==============================
[0m14:46:48.025758 [info ] [MainThread]: Running with dbt=1.11.7
[0m14:46:48.027263 [debug] [MainThread]: running dbt with arguments {'static_parser': 'True', 'no_print': 'None', 'version_check': 'True', 'warn_error_options': 'WarnErrorOptionsV2(error=[], warn=[], silence=[])', 'target_path': 'None', 'printer_width': '80', 'write_json': 'True', 'empty': 'None', 'log_cache_events': 'False', 'introspect': 'True', 'cache_selected_only': 'False', 'fail_fast': 'False', 'debug': 'False', 'log_format': 'default', 'partial_parse': 'True', 'send_anonymous_usage_stats': 'True', 'quiet': 'False', 'warn_error': 'None', 'profiles_dir': 'C:\\Users\\aayus\\.dbt', 'invocation_command': 'dbt init ecommerce_dbt', 'use_colors': 'True', 'indirect_selection': 'eager', 'use_experimental_parser': 'False', 'log_path': 'logs'}
[0m14:46:48.053613 [info ] [MainThread]: Creating dbt configuration folder at C:\Users\aayus\.dbt
[0m14:46:48.056618 [debug] [MainThread]: Starter project path: C:\Users\aayus\AppData\Local\Programs\Python\Python311\Lib\site-packages\dbt\include\starter_project
[0m14:46:48.070421 [info ] [MainThread]: 
Your new dbt project "ecommerce_dbt" was created!

For more information on how to configure the profiles.yml file,
please consult the dbt documentation here:

  https://docs.getdbt.com/docs/configure-your-profile

One more thing:

Need help? Don't hesitate to reach out to us via GitHub issues or on Slack:

  https://community.getdbt.com/

Happy modeling!

[0m14:46:48.071768 [info ] [MainThread]: Setting up your profile.
[0m16:19:11.968691 [info ] [MainThread]: Profile ecommerce_dbt written to C:\Users\aayus\.dbt\profiles.yml using target's profile_template.yml and your supplied values. Run 'dbt debug' to validate the connection.
[0m16:19:11.970689 [debug] [MainThread]: Command `dbt init` succeeded at 16:19:11.970689 after 5544.00 seconds
[0m16:19:11.970689 [debug] [MainThread]: Sending event: {'category': 'dbt', 'action': 'invocation', 'label': 'end', 'context': [<snowplow_tracker.self_describing_json.SelfDescribingJson object at 0x000001AABBE22B90>, <snowplow_tracker.self_describing_json.SelfDescribingJson object at 0x000001AABBDA1790>, <snowplow_tracker.self_describing_json.SelfDescribingJson object at 0x000001AAC28F2210>]}
[0m16:19:11.971690 [debug] [MainThread]: Flushing usage events
[0m16:19:13.462095 [debug] [MainThread]: An error was encountered while trying to flush usage events
[0m22:28:34.652251 [debug] [MainThread]: Sending event: {'category': 'dbt', 'action': 'invocation', 'label': 'start', 'context': [<snowplow_tracker.self_describing_json.SelfDescribingJson object at 0x000002BC1B692ED0>, <snowplow_tracker.self_describing_json.SelfDescribingJson object at 0x000002BC177F5450>, <snowplow_tracker.self_describing_json.SelfDescribingJson object at 0x000002BC1B693150>]}


============================== 22:28:34.655387 | 8048f0dd-1b91-403c-ae73-844d708d11ee ==============================
[0m22:28:34.655387 [info ] [MainThread]: Running with dbt=1.11.7
[0m22:28:34.655387 [debug] [MainThread]: running dbt with arguments {'version_check': 'True', 'no_print': 'None', 'static_parser': 'True', 'target_path': 'None', 'warn_error_options': 'WarnErrorOptionsV2(error=[], warn=[], silence=[])', 'printer_width': '80', 'write_json': 'True', 'empty': 'False', 'log_cache_events': 'False', 'introspect': 'True', 'cache_selected_only': 'False', 'log_format': 'default', 'debug': 'False', 'fail_fast': 'False', 'profiles_dir': 'C:\\Users\\aayus\\.dbt', 'send_anonymous_usage_stats': 'True', 'quiet': 'False', 'warn_error': 'None', 'partial_parse': 'True', 'invocation_command': 'dbt run --select stg_orders', 'use_colors': 'True', 'indirect_selection': 'eager', 'use_experimental_parser': 'False', 'log_path': 'logs'}
[0m22:28:34.656714 [error] [MainThread]: Encountered an error:
Runtime Error
  No dbt_project.yml found at expected path C:\Users\aayus\OneDrive\Documents\Projects\GIT\ecommerce_pipeline\dbt_project.yml
  Verify that each entry within packages.yml (and their transitive dependencies) contains a file named dbt_project.yml
  
[0m22:28:34.658058 [debug] [MainThread]: Command `dbt run` failed at 22:28:34.658058 after 0.07 seconds
[0m22:28:34.658058 [debug] [MainThread]: Sending event: {'category': 'dbt', 'action': 'invocation', 'label': 'end', 'context': [<snowplow_tracker.self_describing_json.SelfDescribingJson object at 0x000002BC1B955390>, <snowplow_tracker.self_describing_json.SelfDescribingJson object at 0x000002BC1B957350>, <snowplow_tracker.self_describing_json.SelfDescribingJson object at 0x000002BC14BB4850>]}
[0m22:28:34.658058 [debug] [MainThread]: Flushing usage events
[0m22:28:36.026403 [debug] [MainThread]: An error was encountered while trying to flush usage events
